{
  "lastPerVersion": {
    "rel-1.44": {
      "changes": {
        "default": {
          "pom.xml": "2"
        }
      }
    }
  }
}