{
  "lastPerVersion": {
    "rel-1.44": {
      "changes": {},
      "lastCommitId": "affb5f62ca578e9e925bd578471dd4b7b5688a59"
    }
  }
}