<?xml version="1.0" encoding="UTF-8"?>
<project xmlns="http://maven.apache.org/POM/4.0.0" xmlns:xsi="http://www.w3.org/2001/XMLSchema-instance" xsi:schemaLocation="http://maven.apache.org/POM/4.0.0 http://maven.apache.org/maven-v4_0_0.xsd">
  <modelVersion>4.0.0</modelVersion>
  <parent>
    <groupId>com.sap.ui5</groupId>
    <artifactId>parent</artifactId>
    <version>1.22.8</version><!--SAPUI5CoreVersion-->
    <relativePath>../pom.xml</relativePath>
  </parent>
  <properties>
    <sapui5.core.version>1.22.8</sapui5.core.version><!--SAPUI5CoreVersion-->
  </properties>
  <artifactId>simple-artifact</artifactId>
  <packaging>jar</packaging>
  <name>${project.artifactId}</name>
  <dependencies>
    <dependency>
      <version>1.0.15</version>
    </dependency>
    <dependency>
      <version>1.0.15-SNAPSHOT</version>
    </dependency>
    <dependency>
      <version>0.10.0-SNAPSHOT</version>
    </dependency>
  </dependencies>
</project>
