{
  "1.44.3": {
    "date": "March 2017",
    "notes": [
      {
        "id": "affb5f62ca578e9e925bd578471dd4b7b5688a59",
        "type": "FIX",
        "text": "  test scenario for FIX or FEAUTURE",
        "references": []
      }
    ]
  }
}