<?xml version="1.0" encoding="UTF-8"?>
<site>
   <feature url="features/com.sap.ui.phoenix.phx-runtime-feature_0.10.0.alpha-1.jar" id="com.sap.ui.phoenix.phx-runtime-feature" version="0.10.0.alpha-1">
      <category name="Phoenix Runtime Feature"/>
   </feature>
   <feature url="features/com.sap.ui.phoenix.phx-uilib-feature_0.10.0.alpha-1.jar" id="com.sap.ui.phoenix.phx-uilib-feature" version="0.10.0.alpha-1">
      <category name="Phoenix UI Libraries Feature"/>
   </feature>
   <category-def name="Phoenix Runtime Feature" label="Phoenix Runtime Feature"/>
   <category-def name="Phoenix UI Libraries Feature" label="Phoenix UI Libraries Feature"/>
</site>
